[INFO] Scanning for projects...
[INFO] 
[INFO] ------------------------< com.empresa:ingreso >-------------------------
[INFO] Building  0.0.1-SNAPSHOT
[INFO]   from pom.xml
[INFO] --------------------------------[ jar ]---------------------------------
[INFO] 
[INFO] >>> spring-boot:3.5.13:run (default-cli) > test-compile @ ingreso >>>
[INFO] 
[INFO] --- resources:3.3.1:resources (default-resources) @ ingreso ---
[INFO] Copying 3 resources from src\main\resources to target\classes
[INFO] Copying 0 resource from src\main\resources to target\classes
[INFO] 
[INFO] --- compiler:3.14.1:compile (default-compile) @ ingreso ---
[INFO] Nothing to compile - all classes are up to date.
[INFO] 
[INFO] --- resources:3.3.1:testResources (default-testResources) @ ingreso ---
[INFO] skip non existing resourceDirectory C:\Users\user\Desktop\ticker\ingreso\src\test\resources
[INFO] 
[INFO] --- compiler:3.14.1:testCompile (default-testCompile) @ ingreso ---
[INFO] Nothing to compile - all classes are up to date.
[INFO] 
[INFO] <<< spring-boot:3.5.13:run (default-cli) < test-compile @ ingreso <<<
[INFO] 
[INFO] 
[INFO] --- spring-boot:3.5.13:run (default-cli) @ ingreso ---
[INFO] Attaching agents: []

  .   ____          _            __ _ _
 /\\ / ___'_ __ _ _(_)_ __  __ _ \ \ \ \
( ( )\___ | '_ | '_| | '_ \/ _` | \ \ \ \
 \\/  ___)| |_)| | | | | || (_| |  ) ) ) )
  '  |____| .__|_| |_|_| |_\__, | / / / /
 =========|_|==============|___/=/_/_/_/

 :: Spring Boot ::               (v3.5.13)

2026-04-20T14:49:36.465-05:00  INFO 8784 --- [ingreso] [  restartedMain] com.empresa.ingreso.IngresoApplication   : Starting IngresoApplication using Java 17.0.18 with PID 8784 (C:\Users\user\Desktop\ticker\ingreso\target\classes started by user in C:\Users\user\Desktop\ticker\ingreso)
2026-04-20T14:49:36.470-05:00  INFO 8784 --- [ingreso] [  restartedMain] com.empresa.ingreso.IngresoApplication   : No active profile set, falling back to 1 default profile: "default"
2026-04-20T14:49:36.585-05:00  INFO 8784 --- [ingreso] [  restartedMain] .e.DevToolsPropertyDefaultsPostProcessor : Devtools property defaults active! Set 'spring.devtools.add-properties' to 'false' to disable
2026-04-20T14:49:36.585-05:00  INFO 8784 --- [ingreso] [  restartedMain] .e.DevToolsPropertyDefaultsPostProcessor : For additional web related logging consider setting the 'logging.level.web' property to 'DEBUG'
2026-04-20T14:49:38.523-05:00  INFO 8784 --- [ingreso] [  restartedMain] .s.d.r.c.RepositoryConfigurationDelegate : Bootstrapping Spring Data JPA repositories in DEFAULT mode.
2026-04-20T14:49:38.792-05:00  INFO 8784 --- [ingreso] [  restartedMain] .s.d.r.c.RepositoryConfigurationDelegate : Finished Spring Data repository scanning in 233 ms. Found 5 JPA repository interfaces.
2026-04-20T14:49:40.475-05:00  INFO 8784 --- [ingreso] [  restartedMain] o.s.b.w.embedded.tomcat.TomcatWebServer  : Tomcat initialized with port 8082 (http)
2026-04-20T14:49:40.526-05:00  INFO 8784 --- [ingreso] [  restartedMain] o.apache.catalina.core.StandardService   : Starting service [Tomcat]
2026-04-20T14:49:40.526-05:00  INFO 8784 --- [ingreso] [  restartedMain] o.apache.catalina.core.StandardEngine    : Starting Servlet engine: [Apache Tomcat/10.1.53]
2026-04-20T14:49:40.708-05:00  INFO 8784 --- [ingreso] [  restartedMain] o.a.c.c.C.[Tomcat].[localhost].[/]       : Initializing Spring embedded WebApplicationContext
2026-04-20T14:49:40.711-05:00  INFO 8784 --- [ingreso] [  restartedMain] w.s.c.ServletWebServerApplicationContext : Root WebApplicationContext: initialization completed in 4121 ms
2026-04-20T14:49:41.239-05:00  INFO 8784 --- [ingreso] [  restartedMain] o.hibernate.jpa.internal.util.LogHelper  : HHH000204: Processing PersistenceUnitInfo [name: default]
2026-04-20T14:49:41.418-05:00  INFO 8784 --- [ingreso] [  restartedMain] org.hibernate.Version                    : HHH000412: Hibernate ORM core version 6.6.45.Final
2026-04-20T14:49:41.547-05:00  INFO 8784 --- [ingreso] [  restartedMain] o.h.c.internal.RegionFactoryInitiator    : HHH000026: Second-level cache disabled
2026-04-20T14:49:42.144-05:00  INFO 8784 --- [ingreso] [  restartedMain] o.s.o.j.p.SpringPersistenceUnitInfo      : No LoadTimeWeaver setup: ignoring JPA class transformer
2026-04-20T14:49:42.217-05:00  INFO 8784 --- [ingreso] [  restartedMain] com.zaxxer.hikari.HikariDataSource       : HikariPool-1 - Starting...
2026-04-20T14:49:42.684-05:00  INFO 8784 --- [ingreso] [  restartedMain] com.zaxxer.hikari.pool.HikariPool        : HikariPool-1 - Added connection conn0: url=jdbc:h2:mem:ingresodb user=SA
2026-04-20T14:49:42.691-05:00  INFO 8784 --- [ingreso] [  restartedMain] com.zaxxer.hikari.HikariDataSource       : HikariPool-1 - Start completed.
2026-04-20T14:49:42.861-05:00  INFO 8784 --- [ingreso] [  restartedMain] org.hibernate.orm.connections.pooling    : HHH10001005: Database info:
	Database JDBC URL [Connecting through datasource 'HikariDataSource (HikariPool-1)']
	Database driver: undefined/unknown
	Database version: 2.3.232
	Autocommit mode: undefined/unknown
	Isolation level: undefined/unknown
	Minimum pool size: undefined/unknown
	Maximum pool size: undefined/unknown
2026-04-20T14:49:45.019-05:00  INFO 8784 --- [ingreso] [  restartedMain] o.h.e.t.j.p.i.JtaPlatformInitiator       : HHH000489: No JTA platform available (set 'hibernate.transaction.jta.platform' to enable JTA platform integration)
2026-04-20T14:49:45.176-05:00  INFO 8784 --- [ingreso] [  restartedMain] j.LocalContainerEntityManagerFactoryBean : Initialized JPA EntityManagerFactory for persistence unit 'default'
2026-04-20T14:49:45.680-05:00  INFO 8784 --- [ingreso] [  restartedMain] o.s.d.j.r.query.QueryEnhancerFactory     : Hibernate is in classpath; If applicable, HQL parser will be used.
2026-04-20T14:49:47.747-05:00  INFO 8784 --- [ingreso] [  restartedMain] o.s.b.a.h2.H2ConsoleAutoConfiguration    : H2 console available at '/h2-console'. Database available at 'jdbc:h2:mem:ingresodb'
2026-04-20T14:49:47.921-05:00  WARN 8784 --- [ingreso] [  restartedMain] o.s.b.d.a.OptionalLiveReloadServer       : Unable to start LiveReload server
2026-04-20T14:49:47.974-05:00  WARN 8784 --- [ingreso] [  restartedMain] ConfigServletWebServerApplicationContext : Exception encountered during context initialization - cancelling refresh attempt: org.springframework.context.ApplicationContextException: Failed to start bean 'webServerStartStop'
2026-04-20T14:49:47.979-05:00  INFO 8784 --- [ingreso] [  restartedMain] j.LocalContainerEntityManagerFactoryBean : Closing JPA EntityManagerFactory for persistence unit 'default'
2026-04-20T14:49:47.994-05:00  WARN 8784 --- [ingreso] [  restartedMain] o.s.b.f.support.DisposableBeanAdapter    : Invocation of destroy method failed on bean with name 'inMemoryDatabaseShutdownExecutor': org.h2.jdbc.JdbcSQLNonTransientConnectionException: La base de datos ya esta cerrada (para des-habilitar el cerrado automatico durante el shutdown de la VM, agregue ";DB_CLOSE_ON_EXIT=FALSE" a la URL de conexión)
Database is already closed (to disable automatic closing at VM shutdown, add ";DB_CLOSE_ON_EXIT=FALSE" to the db URL) [90121-232]
2026-04-20T14:49:47.994-05:00  INFO 8784 --- [ingreso] [  restartedMain] com.zaxxer.hikari.HikariDataSource       : HikariPool-1 - Shutdown initiated...
2026-04-20T14:49:47.998-05:00  INFO 8784 --- [ingreso] [  restartedMain] com.zaxxer.hikari.HikariDataSource       : HikariPool-1 - Shutdown completed.
2026-04-20T14:49:48.037-05:00  INFO 8784 --- [ingreso] [  restartedMain] .s.b.a.l.ConditionEvaluationReportLogger : 

Error starting ApplicationContext. To display the condition evaluation report re-run your application with 'debug' enabled.
2026-04-20T14:49:48.093-05:00 ERROR 8784 --- [ingreso] [  restartedMain] o.s.b.d.LoggingFailureAnalysisReporter   : 

***************************
APPLICATION FAILED TO START
***************************

Description:

Web server failed to start. Port 8082 was already in use.

Action:

Identify and stop the process that's listening on port 8082 or configure this application to listen on another port.

[INFO] ------------------------------------------------------------------------
[INFO] BUILD SUCCESS
[INFO] ------------------------------------------------------------------------
[INFO] Total time:  18.207 s
[INFO] Finished at: 2026-04-20T14:49:48-05:00
[INFO] ------------------------------------------------------------------------
